
> wonderclimb-backend@0.1.0 test
> node --experimental-vm-modules node_modules/jest/bin/jest.js tests/auth_flow.test.js

{"level":30,"time":1764766848065,"pid":24448,"hostname":"Stamen","msg":"Competitions routes loaded, Competition model:"}
node.exe : (node:24448) ExperimentalWarning: VM Modules is an experimental feature and might change at any time
At line:1 char:1
+ & "C:\Program Files\nodejs/node.exe" "C:\Program Files\nodejs/node_mo ...
+ ~~~~~~~~~~~~~~~~~~~~~~~~~~~~~~~~~~~~~~~~~~~~~~~~~~~~~~~~~~~~~~~~~~~~~
    + CategoryInfo          : NotSpecified: ((node:24448) Ex...nge at any time:String) [], RemoteException
    + FullyQualifiedErrorId : NativeCommandError
 
(Use `node --trace-warnings ...` to show where the warning was created)
{"level":30,"time":1764766849335,"pid":24448,"hostname":"Stamen","req":{"id":1,"method":"POST","url":"/api/v1/auth/register","headers":{"content-type":"application/json"}},"res":{"statusCode":201},"responseTime":126,"msg":"request completed"}
{"level":40,"time":1764766849355,"pid":24448,"hostname":"Stamen","req":{"id":2,"method":"POST","url":"/api/v1/auth/login","headers":{"content-type":"application/json"}},"res":{"statusCode":401},"responseTime":2,"msg":"request completed"}
{"level":40,"time":1764766849486,"pid":24448,"hostname":"Stamen","req":{"id":3,"method":"POST","url":"/api/v1/auth/refresh","headers":{}},"res":{"statusCode":401},"responseTime":3,"msg":"request completed"}
{"level":40,"time":1764766849497,"pid":24448,"hostname":"Stamen","req":{"id":4,"method":"POST","url":"/api/v1/auth/refresh","headers":{}},"res":{"statusCode":401},"responseTime":2,"msg":"request completed"}
{"level":30,"time":1764766849510,"pid":24448,"hostname":"Stamen","req":{"id":5,"method":"POST","url":"/api/v1/auth/logout","headers":{}},"res":{"statusCode":200},"responseTime":3,"msg":"request completed"}
{"level":40,"time":1764766849522,"pid":24448,"hostname":"Stamen","req":{"id":6,"method":"POST","url":"/api/v1/auth/refresh","headers":{}},"res":{"statusCode":401},"responseTime":2,"msg":"request completed"}
FAIL tests/auth_flow.test.js
  Auth Flow
    ÔêÜ should register a new user (154 ms)
    ├ù should login (17 ms)
    ├ù should refresh token (124 ms)
    ÔêÜ should fail with old refresh token (reuse detection) (12 ms)
    ÔêÜ should logout (12 ms)
    ÔêÜ should fail refresh after logout (9 ms)

  ÔùÅ Auth Flow ÔÇ║ should login

    expect(received).toEqual(expected) // deep equality

    Expected: 200
    Received: 401

    [0m [90m 58 |[39m             })[33m;[39m
     [90m 59 |[39m
    [31m[1m>[22m[39m[90m 60 |[39m         expect(res[33m.[39mstatusCode)[33m.[39mtoEqual([35m200[39m)[33m;[39m
     [90m    |[39m                                [31m[1m^[22m[39m
     [90m 61 |[39m         expect(res[33m.[39mbody)[33m.[39mtoHaveProperty([32m'accessToken'[39m)[33m;[39m
     [90m 62 |[39m
     [90m 63 |[39m         [36mconst[39m cookie [33m=[39m res[33m.[39mheaders[[32m'set-cookie'[39m][33m;[39m[0m

      at Object.<anonymous> (tests/auth_flow.test.js:60:32)

  ÔùÅ Auth Flow ÔÇ║ should refresh token

    expect(received).toEqual(expected) // deep equality

    Expected: 200
    Received: 401

    [0m [90m 76 |[39m             [33m.[39m[36mset[39m([32m'Cookie'[39m[33m,[39m cookies)[33m;[39m
     [90m 77 |[39m
    [31m[1m>[22m[39m[90m 78 |[39m         expect(res[33m.[39mstatusCode)[33m.[39mtoEqual([35m200[39m)[33m;[39m
     [90m    |[39m                                [31m[1m^[22m[39m
     [90m 79 |[39m         expect(res[33m.[39mbody)[33m.[39mtoHaveProperty([32m'accessToken'[39m)[33m;[39m
     [90m 80 |[39m
     [90m 81 |[39m         [36mconst[39m newCookie [33m=[39m res[33m.[39mheaders[[32m'set-cookie'[39m][33m;[39m[0m

      at Object.<anonymous> (tests/auth_flow.test.js:78:32)

Test Suites: 1 failed, 1 total
Tests:       2 failed, 4 passed, 6 total
Snapshots:   0 total
Time:        3.331 s, estimated 4 s
Ran all test suites matching /tests\\auth_flow.test.js/i.
